******************************************************************************
                  TI ARM Linker PC v20.2.7                     
******************************************************************************
>> Linked Mon Aug  5 15:20:12 2024

OUTPUT FILE NAME:   <ARM_Final_Project_Test1.out>
ENTRY POINT SYMBOL: "_c_int00_noargs"  address: 0000097d


MEMORY CONFIGURATION

         name            origin    length      used     unused   attr    fill
----------------------  --------  ---------  --------  --------  ----  --------
  FLASH                 00000000   00040000  00000a08  0003f5f8  R  X
  SRAM                  20000000   00008000  00000205  00007dfb  RW X


SEGMENT ALLOCATION MAP

run origin  load origin   length   init length attrs members
----------  ----------- ---------- ----------- ----- -------
00000000    00000000    00000a08   00000a08    r-x
  00000000    00000000    0000026c   0000026c    r-- .intvecs
  0000026c    0000026c    00000784   00000784    r-x .text
  000009f0    000009f0    00000018   00000018    r-- .cinit
20000000    20000000    00000205   00000000    rw-
  20000000    20000000    00000200   00000000    rw- .stack
  20000200    20000200    00000005   00000000    rw- .data


SECTION ALLOCATION MAP

 output                                  attributes/
section   page    origin      length       input sections
--------  ----  ----------  ----------   ----------------
.intvecs   0    00000000    0000026c     
                  00000000    0000026c     tm4c123gh6pm_startup_ccs.obj (.intvecs)

.text      0    0000026c    00000784     
                  0000026c    000002d8     NVIC.obj (.text)
                  00000544    0000021c     main.obj (.text)
                  00000760    000000d4     SysTick.obj (.text)
                  00000834    0000009c     rtsv7M4_T_le_v4SPD16_eabi.lib : memcpy_t2.asm.obj (.text)
                  000008d0    00000068                                   : copy_decompress_lzss.c.obj (.text:decompress:lzss:__TI_decompress_lzss)
                  00000938    00000044                                   : autoinit.c.obj (.text:__TI_auto_init_nobinit_nopinit:__TI_auto_init_nobinit_nopinit)
                  0000097c    00000034                                   : boot_cortex_m.c.obj (.text:_c_int00_noargs:_c_int00_noargs)
                  000009b0    00000018                                   : ll_mul_t2.asm.obj (.text)
                  000009c8    00000012     tm4c123gh6pm_startup_ccs.obj (.text)
                  000009da    0000000e     rtsv7M4_T_le_v4SPD16_eabi.lib : copy_decompress_none.c.obj (.text:decompress:none:__TI_decompress_none)
                  000009e8    00000004                                   : pre_init.c.obj (.text:_system_pre_init)
                  000009ec    00000004                                   : exit.c.obj (.text:abort:abort)

.cinit     0    000009f0    00000018     
                  000009f0    00000008     (__TI_handler_table)
                  000009f8    00000007     (.cinit..data.load) [load image, compression = lzss]
                  000009ff    00000001     --HOLE-- [fill = 0]
                  00000a00    00000008     (__TI_cinit_table)

.init_array 
*          0    00000000    00000000     UNINITIALIZED

.data      0    20000200    00000005     UNINITIALIZED
                  20000200    00000004     SysTick.obj (.data)
                  20000204    00000001     main.obj (.data)

.stack     0    20000000    00000200     UNINITIALIZED
                  20000000    00000004     rtsv7M4_T_le_v4SPD16_eabi.lib : boot_cortex_m.c.obj (.stack)
                  20000004    000001fc     --HOLE--

__llvm_prf_cnts 
*          0    20000000    00000000     UNINITIALIZED

MODULE SUMMARY

       Module                         code   ro data   rw data
       ------                         ----   -------   -------
    .\
       NVIC.obj                       728    0         0      
       tm4c123gh6pm_startup_ccs.obj   18     620       0      
       main.obj                       540    0         1      
       SysTick.obj                    212    0         4      
    +--+------------------------------+------+---------+---------+
       Total:                         1498   620       5      
                                                              
    C:\ti\ccs1260\ccs\tools\compiler\ti-cgt-arm_20.2.7.LTS\lib\rtsv7M4_T_le_v4SPD16_eabi.lib
       memcpy_t2.asm.obj              156    0         0      
       copy_decompress_lzss.c.obj     104    0         0      
       autoinit.c.obj                 68     0         0      
       boot_cortex_m.c.obj            52     0         0      
       ll_mul_t2.asm.obj              24     0         0      
       copy_decompress_none.c.obj     14     0         0      
       exit.c.obj                     4      0         0      
       pre_init.c.obj                 4      0         0      
    +--+------------------------------+------+---------+---------+
       Total:                         426    0         0      
                                                              
       Stack:                         0      0         512    
       Linker Generated:              0      23        0      
    +--+------------------------------+------+---------+---------+
       Grand Total:                   1924   643       517    


LINKER GENERATED COPY TABLES

__TI_cinit_table @ 00000a00 records: 1, size/record: 8, table size: 8
	.data: load addr=000009f8, load size=00000007 bytes, run addr=20000200, run size=00000005 bytes, compression=lzss


LINKER GENERATED HANDLER TABLE

__TI_handler_table @ 000009f0 records: 2, size/record: 4, table size: 8
	index: 0, handler: __TI_decompress_lzss
	index: 1, handler: __TI_decompress_none


GLOBAL SYMBOLS: SORTED ALPHABETICALLY BY Name 

address   name                          
-------   ----                          
000009ed  C$$EXIT                       
00000545  Delay_MS                      
00000585  GPIOPortF_Handler             
00000645  Leds_Init                     
00000405  NVIC_DisableException         
000002e5  NVIC_DisableIRQ               
000003c1  NVIC_EnableException          
0000026d  NVIC_EnableIRQ                
00000449  NVIC_SetPriorityException     
0000035d  NVIC_SetPriorityIRQ           
000009c9  ResetISR                      
000005b5  SW2_Init                      
00000683  SysTick_CallBackFunc          
0000080b  SysTick_DeInit                
000007d3  SysTick_Handler               
00000761  SysTick_Init                  
000007e3  SysTick_SetCallBack           
000007ff  SysTick_Start                 
00000793  SysTick_StartBusyWait         
000007f3  SysTick_Stop                  
20000200  __STACK_END                   
00000200  __STACK_SIZE                  
20000200  __STACK_TOP                   
00000a00  __TI_CINIT_Base               
00000a08  __TI_CINIT_Limit              
000009f0  __TI_Handler_Table_Base       
000009f8  __TI_Handler_Table_Limit      
00000939  __TI_auto_init_nobinit_nopinit
000008d1  __TI_decompress_lzss          
000009db  __TI_decompress_none          
ffffffff  __TI_pprof_out_hndl           
ffffffff  __TI_prof_data_size           
ffffffff  __TI_prof_data_start          
00000000  __TI_static_base__            
000009b1  __aeabi_lmul                  
00000835  __aeabi_memcpy                
00000835  __aeabi_memcpy4               
00000835  __aeabi_memcpy8               
ffffffff  __binit__                     
ffffffff  __c_args__                    
UNDEFED   __mpu_init                    
20000000  __stack                       
20000000  __start___llvm_prf_cnts       
20000000  __stop___llvm_prf_cnts        
0000097d  _c_int00_noargs               
UNDEFED   _system_post_cinit            
000009e9  _system_pre_init              
000009ed  abort                         
ffffffff  binit                         
20000204  g_Counter                     
00000000  g_pfnVectors                  
000006dd  main                          
00000835  memcpy                        


GLOBAL SYMBOLS: SORTED BY Symbol Address 

address   name                          
-------   ----                          
00000000  __TI_static_base__            
00000000  g_pfnVectors                  
00000200  __STACK_SIZE                  
0000026d  NVIC_EnableIRQ                
000002e5  NVIC_DisableIRQ               
0000035d  NVIC_SetPriorityIRQ           
000003c1  NVIC_EnableException          
00000405  NVIC_DisableException         
00000449  NVIC_SetPriorityException     
00000545  Delay_MS                      
00000585  GPIOPortF_Handler             
000005b5  SW2_Init                      
00000645  Leds_Init                     
00000683  SysTick_CallBackFunc          
000006dd  main                          
00000761  SysTick_Init                  
00000793  SysTick_StartBusyWait         
000007d3  SysTick_Handler               
000007e3  SysTick_SetCallBack           
000007f3  SysTick_Stop                  
000007ff  SysTick_Start                 
0000080b  SysTick_DeInit                
00000835  __aeabi_memcpy                
00000835  __aeabi_memcpy4               
00000835  __aeabi_memcpy8               
00000835  memcpy                        
000008d1  __TI_decompress_lzss          
00000939  __TI_auto_init_nobinit_nopinit
0000097d  _c_int00_noargs               
000009b1  __aeabi_lmul                  
000009c9  ResetISR                      
000009db  __TI_decompress_none          
000009e9  _system_pre_init              
000009ed  C$$EXIT                       
000009ed  abort                         
000009f0  __TI_Handler_Table_Base       
000009f8  __TI_Handler_Table_Limit      
00000a00  __TI_CINIT_Base               
00000a08  __TI_CINIT_Limit              
20000000  __stack                       
20000000  __start___llvm_prf_cnts       
20000000  __stop___llvm_prf_cnts        
20000200  __STACK_END                   
20000200  __STACK_TOP                   
20000204  g_Counter                     
ffffffff  __TI_pprof_out_hndl           
ffffffff  __TI_prof_data_size           
ffffffff  __TI_prof_data_start          
ffffffff  __binit__                     
ffffffff  __c_args__                    
ffffffff  binit                         
UNDEFED   __mpu_init                    
UNDEFED   _system_post_cinit            

[53 symbols]
